A51 MACRO ASSEMBLER  ACTIVIDADINTERRUPCIONES                                              04/05/2019 15:54:27 PAGE     1


MACRO ASSEMBLER A51 V8.2.7.0
OBJECT MODULE PLACED IN .\Objects\actividadInterrupciones.obj
ASSEMBLER INVOKED BY: C:\Keil_v5\C51\BIN\A51.EXE actividadInterrupciones.a51 SET(SMALL) DEBUG PRINT(.\Listings\actividad
                      Interrupciones.lst) OBJECT(.\Objects\actividadInterrupciones.obj) EP

LOC  OBJ            LINE     SOURCE

----                   1     CSEG at 0000
0000 2100              2             JMP main
                       3             
----                   4     CSEG at 03H
0003 C290              5             CLR P1.0
0005 32                6             RETI
                       7     
----                   8     CSEG at 13H
0013 D291              9             SETB P1.1
0015 32               10             RETI
                      11             
----                  12     CSEG at 23H
0023 C299             13             CLR TI;
0025 C298             14             CLR RI
0027 C291             15             CLR P1.1
0029 32               16             RETI
                      17             
----                  18     CSEG at 0100H
                      19             
0100                  20             MAIN:
0100 75B804           21                     MOV IP, #00000100b
0103 75A815           22                     MOV IE, #00010101b
0106 758805           23                     MOV TCON, #00000101b
0109 D2AF             24                     SETB EA
                      25                     
010B 80FE             26                     Salto: JMP SALTO
                      27                     END
                                                     
                                             
A51 MACRO ASSEMBLER  ACTIVIDADINTERRUPCIONES                                              04/05/2019 15:54:27 PAGE     2

SYMBOL TABLE LISTING
------ ----- -------


N A M E             T Y P E  V A L U E   ATTRIBUTES

EA . . . . . . . .  B ADDR   00A8H.7 A   
IE . . . . . . . .  D ADDR   00A8H   A   
IP . . . . . . . .  D ADDR   00B8H   A   
MAIN . . . . . . .  C ADDR   0100H   A   
P1 . . . . . . . .  D ADDR   0090H   A   
RI . . . . . . . .  B ADDR   0098H.0 A   
SALTO. . . . . . .  C ADDR   010BH   A   
TCON . . . . . . .  D ADDR   0088H   A   
TI . . . . . . . .  B ADDR   0098H.1 A   


REGISTER BANK(S) USED: 0 


ASSEMBLY COMPLETE.  0 WARNING(S), 0 ERROR(S)
